[icit.github.io/index.html]
[backblue.gif]
[fade.gif]
[index.html]
[icit.github.io/assets/css/bootstrap.min.css]
[icit.github.io/assets/css/font-awesome.min.css]
[icit.github.io/assets/css/social-buttons-3.css]
[icit.github.io/assets/css/icit.css]
[icit.github.io/program/technical.html]
[icit.github.io/program/keynotes.html]
[icit.github.io/cfp/dates.html]
[icit.github.io/cfp/general.html]
[icit.github.io/assets/cfps/ICIT-2016_CFP.pdf]
[icit.github.io/team/steering-committee.html]
[icit.github.io/team/organizing-committee.html]
[icit.github.io/team/program-committee.html]
[icit.github.io/team/supporters.html]
[icit.github.io/venue.html]
[icit.github.io/archive/ICIT-2014/index.html]
[icit.github.io/archive/ICIT-2006/index.html]
[icit.github.io/contact.html]
[icit.github.io/assets/logos/icit2016-bhubaneswar3.png]
[icit.github.io/news.html]
[icit.github.io/assets/sponsors/ieee-tl.jpg]
[icit.github.io/assets/sponsors/1_DRDO.png]
[icit.github.io/assets/sponsors/2_DeptIT.jpg]
[icit.github.io/assets/sponsors/3_OCAC.png]
[icit.github.io/assets/sponsors/4_OMC.jpg]
[icit.github.io/assets/sponsors/5_OSMC.jpg]
[icit.github.io/assets/sponsors/6_IDCO.png]
[icit.github.io/assets/sponsors/7_OLM.png]
[icit.github.io/assets/sponsors/8_CIME.png]
[icit.github.io/assets/sponsors/9_Boyanika.png]
[icit.github.io/assets/sponsors/10_NALCO.jpg]
[icit.github.io/assets/sponsors/11_SIT.jpg]
[icit.github.io/assets/sponsors/12_NIST.png]
[icit.github.io/assets/sponsors/13_printlink.jpg]
[icit.github.io/assets/sponsors/14_SEC.png]
[icit.github.io/assets/sponsors/15_esquare.png]
[icit.github.io/assets/sponsors/16_RITE.png]
[ajax.googleapis.com/ajax/libs/jquery/2.1.0/jquery.min.js]
[cdn.ncsu.edu/brand-assets/bootstrap/js/bootstrap.min.js]
[www.google-analytics.com/analytics.js]
[icit.github.io/index.html]
[icit.github.io/assets/img/gray-square.27.delayed]
[icit.github.io/assets/css/bootstrap.min.css]
[icit.github.io/assets/fonts/fontawesome-webfonte0a5.eot]
[icit.github.io/assets/fonts/fontawesome-webfontd41d.eot]
[icit.github.io/assets/fonts/fontawesome-webfonte0a5.woff2]
[icit.github.io/assets/fonts/fontawesome-webfonte0a5.woff]
[icit.github.io/assets/fonts/fontawesome-webfonte0a5.ttf]
[icit.github.io/assets/fonts/fontawesome-webfonte0a5.svg]
[icit.github.io/assets/css/font-awesome.min.css]
[icit.github.io/assets/css/social-buttons-3.css]
[icit.github.io/assets/css/back.png]
[icit.github.io/assets/css/icit.css]
[icit.github.io/program/technical.html]
[icit.github.io/assets/faces/none.jpg]
[icit.github.io/program/keynotes.html]
[icit.github.io/cfp/dates.html]
[icit.github.io/cfp/publication-requirements.html]
[icit.github.io/cfp/formatting-instructions.html]
[icit.github.io/cfp/general.html]
[icit.github.io/team/steering-committee.html]
[icit.github.io/assets/faces/nayak.jpg]
[icit.github.io/assets/faces/mohanty.jpg]
[icit.github.io/assets/faces/sengupta.jpg]
[icit.github.io/assets/faces/ganapathiraju.jpg]
[icit.github.io/assets/faces/ddas.jpg]
[icit.github.io/assets/faces/nray.jpg]
[icit.github.io/assets/faces/borowczak.jpg]
[icit.github.io/assets/faces/rath.jpg]
[icit.github.io/assets/faces/patra.jpg]
[icit.github.io/assets/faces/biswal.jpg]
[icit.github.io/assets/faces/chatterjee.jpg]
[icit.github.io/assets/faces/adas.jpg]
[icit.github.io/assets/faces/missing.png]
[icit.github.io/assets/faces/balabantaray.jpg]
[icit.github.io/assets/faces/smishra.png]
[icit.github.io/assets/faces/nanda.jpg]
[icit.github.io/assets/faces/rup.jpg]
[icit.github.io/assets/faces/mohapatra.jpg]
[icit.github.io/assets/faces/misra.png]
[icit.github.io/team/organizing-committee.html]
[icit.github.io/team/program-committee.html]
[icit.github.io/team/supporters.html]
[icit.github.io/venue.html]
[icit.github.io/archive/ICIT-2014/backblue.gif]
[icit.github.io/archive/ICIT-2014/fade.gif]
[icit.github.io/archive/ICIT-2014/silicon.ac.in/icit2014/index.html]
[icit.github.io/archive/ICIT-2014/index.html]
[icit.github.io/archive/ICIT-2006/IndexUp.html]
[icit.github.io/archive/ICIT-2006/IndexDown.html]
[icit.github.io/archive/ICIT-2006/index.html]
[icit.github.io/contact.html]
[icit.github.io/news.html]
[icit.github.io/Popover requires tooltip.4a.delayed]
[cdn.ncsu.edu/brand-assets/bootstrap/js/bootstrap.min.js]
[icit.github.io/assets/img/gray-square.html]
[icit.github.io/assets/fonts/fontawesome-webfonte0a5.html]
[icit.github.io/assets/fonts/fontawesome-webfontd41d.html]
[icit.github.io/assets/fonts/fontawesome-webfonte0a5-2.html]
[icit.github.io/assets/fonts/fontawesome-webfonte0a5-3.html]
[icit.github.io/assets/fonts/fontawesome-webfonte0a5-4.html]
[icit.github.io/assets/fonts/fontawesome-webfonte0a5-5.html]
[icit.github.io/assets/faces/none.html]
[icit.github.io/cfp/publication-requirements.html]
[icit.github.io/cfp/formatting-instructions.html]
[icit.github.io/archive/ICIT-2014/backblue.html]
[icit.github.io/archive/ICIT-2014/fade.html]
[icit.github.io/archive/ICIT-2014/silicon.ac.in/icit2014/style.css]
[icit.github.io/archive/ICIT-2014/silicon.ac.in/icit2014/tinyscrollbar.css]
[icit.github.io/archive/ICIT-2014/silicon.ac.in/icit2014/jquery.tinyscrollbar.js]
[icit.github.io/archive/ICIT-2014/www.google-analytics.com/analytics.js]
[icit.github.io/archive/ICIT-2014/silicon.ac.in/icit2014/images/slide100.jpg]
[icit.github.io/archive/ICIT-2014/silicon.ac.in/icit2014/images/slide-2.jpg]
[icit.github.io/archive/ICIT-2014/silicon.ac.in/icit2014/slidedeck.jquery.js]
[icit.github.io/archive/ICIT-2014/silicon.ac.in/icit2014/images/slide-1.jpg]
[icit.github.io/archive/ICIT-2014/ajax.googleapis.com/ajax/libs/jquery/1.4.2/jquery.min11591159.js]
[icit.github.io/archive/ICIT-2014/silicon.ac.in/icit2014/images/slide-3.jpg]
[icit.github.io/archive/ICIT-2014/silicon.ac.in/icit2014/images/slide-4.jpg]
[icit.github.io/archive/ICIT-2014/silicon.ac.in/icit2014/index-2.html]
[icit.github.io/archive/ICIT-2014/silicon.ac.in/icit2014/about.html]
[icit.github.io/archive/ICIT-2014/silicon.ac.in/icit2014/org.html]
[icit.github.io/archive/ICIT-2014/silicon.ac.in/icit2014/prog.html]
[icit.github.io/archive/ICIT-2014/silicon.ac.in/icit2014/cfp.html]
[icit.github.io/archive/ICIT-2014/silicon.ac.in/icit2014/submission.html]
[icit.github.io/archive/ICIT-2014/silicon.ac.in/icit2014/keynote.html]
[icit.github.io/archive/ICIT-2014/silicon.ac.in/icit2014/plenary.html]
[icit.github.io/archive/ICIT-2014/silicon.ac.in/icit2014/schedule.html]
[icit.github.io/archive/ICIT-2014/silicon.ac.in/icit2014/regd.html]
[icit.github.io/archive/ICIT-2014/silicon.ac.in/icit2014/dates.html]
[icit.github.io/archive/ICIT-2014/silicon.ac.in/icit2014/route.html]
[icit.github.io/archive/ICIT-2014/silicon.ac.in/icit2014/visainfo.html]
[icit.github.io/archive/ICIT-2014/silicon.ac.in/icit2014/contacts.html]
[icit.github.io/archive/ICIT-2014/silicon.ac.in/icit2014/Hotel_Details(ICIT-2014).html]
[icit.github.io/archive/ICIT-2014/silicon.ac.in/sitbbsr/assets/img/new_icon_animated.gif]
[icit.github.io/archive/ICIT-2014/silicon.ac.in/icit2014/cp.html]
[icit.github.io/archive/ICIT-2014/silicon.ac.in/icit2014/localinfo.html]
[icit.github.io/archive/ICIT-2014/silicon.ac.in/icit2014/images/location.jpg]
[icit.github.io/archive/ICIT-2014/silicon.ac.in/icit2014/images/spon.jpg]
[icit.github.io/archive/ICIT-2014/promo.parallels.com/js/promo.plesk.js]
[icit.github.io/archive/ICIT-2014/jd.revolvermaps.com/2/2aa1eaa1e.js]
[icit.github.io/archive/ICIT-2014/silicon.ac.in/icit2014/stats.html]
[icit.github.io/archive/ICIT-2014/silicon.ac.in/icit2014/index.html]
[icit.github.io/archive/ICIT-2006/CIT2006_banner.jpg]
[icit.github.io/archive/ICIT-2006/CIT2006_logo.jpg]
[icit.github.io/archive/ICIT-2006/OITS_logo.jpg]
[icit.github.io/archive/ICIT-2006/IEEE_logo.jpg]
[icit.github.io/archive/ICIT-2006/IEEE-CS_logo.jpg]
[icit.github.io/archive/ICIT-2006/IndexUp.html]
[icit.github.io/archive/ICIT-2006/IndexLeft.html]
[icit.github.io/archive/ICIT-2006/IndexMain.html]
[icit.github.io/archive/ICIT-2006/IndexDown.html]
[icit.github.io/Popover requires tooltip.html]
[icit.github.io/archive/ICIT-2014/silicon.ac.in/icit2014/images/logo2.jpg]
[icit.github.io/archive/ICIT-2014/silicon.ac.in/icit2014/images/search-bg.png]
[icit.github.io/archive/ICIT-2014/silicon.ac.in/icit2014/images/search-icon1.png]
[icit.github.io/archive/ICIT-2014/silicon.ac.in/icit2014/images/li-bg.png]
[icit.github.io/archive/ICIT-2014/silicon.ac.in/icit2014/images/bg-form.jpg]
[icit.github.io/archive/ICIT-2014/silicon.ac.in/icit2014/images/e-form-button.png]
[icit.github.io/archive/ICIT-2014/silicon.ac.in/icit2014/images/txt-area.png]
[icit.github.io/archive/ICIT-2014/silicon.ac.in/icit2014/images/form-button.png]
[icit.github.io/archive/ICIT-2014/silicon.ac.in/icit2014/images/button-3.png]
[icit.github.io/archive/ICIT-2014/silicon.ac.in/icit2014/images/news-letter-input.png]
[icit.github.io/archive/ICIT-2014/silicon.ac.in/icit2014/images/button-email.png]
[icit.github.io/archive/ICIT-2014/silicon.ac.in/icit2014/style.css]
[icit.github.io/archive/ICIT-2014/silicon.ac.in/icit2014/images/bg-scrollbar-thumb-y.png]
[icit.github.io/archive/ICIT-2014/silicon.ac.in/icit2014/tinyscrollbar.css]
[icit.github.io/archive/ICIT-2014/silicon.ac.in/icit2014/index-2.html]
[icit.github.io/archive/ICIT-2014/silicon.ac.in/icit2014/about.html]
[icit.github.io/archive/ICIT-2014/silicon.ac.in/icit2014/org.html]
[icit.github.io/archive/ICIT-2014/silicon.ac.in/icit2014/tiny.jpg]
[icit.github.io/archive/ICIT-2014/silicon.ac.in/icit2014/prog.html]
[icit.github.io/archive/ICIT-2014/silicon.ac.in/icit2014/cfp.html]
[icit.github.io/archive/ICIT-2014/silicon.ac.in/icit2014/submission.html]
[icit.github.io/archive/ICIT-2014/silicon.ac.in/icit2014/images/ratnesh.jpg]
[icit.github.io/archive/ICIT-2014/silicon.ac.in/icit2014/images/ashok.jpg]
[icit.github.io/archive/ICIT-2014/silicon.ac.in/icit2014/keynote.html]
[icit.github.io/archive/ICIT-2014/silicon.ac.in/icit2014/images/madhavi.jpg]
[icit.github.io/archive/ICIT-2014/silicon.ac.in/icit2014/images/oria.jpg]
[icit.github.io/archive/ICIT-2014/silicon.ac.in/icit2014/images/sylla.jpg]
[icit.github.io/archive/ICIT-2014/silicon.ac.in/icit2014/images/amitav.jpg]
[icit.github.io/archive/ICIT-2014/ajax.googleapis.com/ajax/libs/jquery/1.7.2/jquery.min.js]
[icit.github.io/archive/ICIT-2014/silicon.ac.in/icit2014/plenary.html]
[icit.github.io/archive/ICIT-2014/silicon.ac.in/icit2014/ICIT2014_Accepted_Papers_List.html]
[icit.github.io/archive/ICIT-2014/silicon.ac.in/icit2014/pdficon_small.gif]
[icit.github.io/archive/ICIT-2014/silicon.ac.in/icit2014/ICIT2014_Technical_Program.html]
[icit.github.io/archive/ICIT-2014/silicon.ac.in/icit2014/schedule.html]
[icit.github.io/archive/ICIT-2014/silicon.ac.in/icit2014/regdonline.html]
[icit.github.io/archive/ICIT-2014/silicon.ac.in/icit2014/register.png]
[icit.github.io/archive/ICIT-2014/silicon.ac.in/icit2014/rr.png]
[icit.github.io/archive/ICIT-2014/silicon.ac.in/icit2014/regd.html]
[icit.github.io/archive/ICIT-2014/silicon.ac.in/icit2014/dates.html]
[icit.github.io/archive/ICIT-2014/silicon.ac.in/icit2014/route.html]
[icit.github.io/archive/ICIT-2014/silicon.ac.in/icit2014/visainfo.html]
[icit.github.io/archive/ICIT-2014/silicon.ac.in/icit2014/contacts.html]
[icit.github.io/archive/ICIT-2014/silicon.ac.in/icit2014/Hotel_Details(ICIT-2014).html]
[icit.github.io/archive/ICIT-2014/silicon.ac.in/icit2014/cp.html]
[icit.github.io/archive/ICIT-2014/silicon.ac.in/icit2014/local/jagannath2.html]
[icit.github.io/archive/ICIT-2014/silicon.ac.in/icit2014/local/konark1.html]
[icit.github.io/archive/ICIT-2014/silicon.ac.in/icit2014/local/chilika.html]
[icit.github.io/archive/ICIT-2014/silicon.ac.in/icit2014/local/phurli.html]
[icit.github.io/archive/ICIT-2014/silicon.ac.in/icit2014/local/p2.html]
[icit.github.io/archive/ICIT-2014/silicon.ac.in/icit2014/localinfo.html]
[icit.github.io/archive/ICIT-2014/silicon.ac.in/icit2014/stats.html]
[icit.github.io/archive/ICIT-2006/Orissa_Attractions.jpg]
[icit.github.io/archive/ICIT-2006/organizing_committee.html]
[icit.github.io/archive/ICIT-2006/program_committee.html]
[icit.github.io/archive/ICIT-2006/CIT2006_CFP.html]
[icit.github.io/archive/ICIT-2006/deadlines.html]
[icit.github.io/archive/ICIT-2006/paper_submission.html]
[icit.github.io/archive/ICIT-2006/Program_Schedule_ICIT2006.pdf]
[icit.github.io/archive/ICIT-2006/registration_information.html]
[icit.github.io/archive/ICIT-2006/hotel_information.html]
[icit.github.io/archive/ICIT-2006/city_information.html]
[icit.github.io/archive/ICIT-2006/sponsors_list.html]
[icit.github.io/archive/ICIT-2006/contact_us.html]
[icit.github.io/archive/ICIT-2006/IndexLeft.html]
[icit.github.io/archive/ICIT-2006/IndexMain_files/filelist.xml]
[icit.github.io/archive/ICIT-2006/IndexMain_files/editdata.mso]
[icit.github.io/archive/ICIT-2006/IEEE_CS_Press.jpg]
[icit.github.io/archive/ICIT-2006/IndexMain.html]
[icit.github.io/archive/ICIT-2014/silicon.ac.in/icit2014/ICIT2014_Accepted_Papers_List.html]
[icit.github.io/archive/ICIT-2014/silicon.ac.in/icit2014/ICIT2014_Technical_Program.html]
[icit.github.io/archive/ICIT-2014/silicon.ac.in/icit2014/regd/style/style.css]
[icit.github.io/archive/ICIT-2014/silicon.ac.in/icit2014/regdonline.html]
[icit.github.io/archive/ICIT-2014/silicon.ac.in/icit2014/regd/scripts/scripts.js]
[icit.github.io/archive/ICIT-2014/silicon.ac.in/icit2014/local/jagannath2.html]
[icit.github.io/archive/ICIT-2014/silicon.ac.in/icit2014/local/konark1.html]
[icit.github.io/archive/ICIT-2014/silicon.ac.in/icit2014/local/chilika.html]
[icit.github.io/archive/ICIT-2014/silicon.ac.in/icit2014/local/phurli.html]
[icit.github.io/archive/ICIT-2014/silicon.ac.in/icit2014/local/p2.html]
[icit.github.io/archive/ICIT-2006/organizing_committee_files/filelist.xml]
[icit.github.io/archive/ICIT-2006/organizing_committee.html]
[icit.github.io/archive/ICIT-2006/program_committee_files/filelist.xml]
[icit.github.io/archive/ICIT-2006/program_committee.html]
[icit.github.io/archive/ICIT-2006/CIT2006_CFP_files/filelist.xml]
[icit.github.io/archive/ICIT-2006/CIT2006_CFP_files/editdata.mso]
[icit.github.io/archive/ICIT-2006/CIT2006_CFP.pdf]
[icit.github.io/archive/ICIT-2006/CIT2006_CFP.html]
[icit.github.io/archive/ICIT-2006/deadlines_files/filelist.xml]
[icit.github.io/archive/ICIT-2006/deadlines.html]
[icit.github.io/archive/ICIT-2006/paper_submission_files/filelist.xml]
[icit.github.io/archive/ICIT-2006/paper_submission_files/editdata.mso]
[icit.github.io/archive/ICIT-2006/instruct.doc]
[icit.github.io/archive/ICIT-2006/instruct.pdf]
[icit.github.io/archive/ICIT-2014/silicon.ac.in/icit2014/regd/scripts/jquery-1.5.2.min.js]
[icit.github.io/archive/ICIT-2006/instruct.ps]
[icit.github.io/archive/ICIT-2006/format.doc]
[icit.github.io/archive/ICIT-2006/format.pdf]
[icit.github.io/archive/ICIT-2006/format.ps]
[icit.github.io/archive/ICIT-2006/IEEE_CSProceedings_ICPR_latex.zip]
[icit.github.io/archive/ICIT-2006/paper_submission.html]
[icit.github.io/archive/ICIT-2006/ICIT2006_registration_files/filelist.xml]
[icit.github.io/archive/ICIT-2006/registration_information.html]
[icit.github.io/archive/ICIT-2006/travel_information_files/filelist.xml]
[icit.github.io/archive/ICIT-2006/Venue_Crown_Hotel.jpg]
[icit.github.io/archive/ICIT-2006/hotel_information.html]
[icit.github.io/archive/ICIT-2006/venue_files/filelist.b7.delayed]
[icit.github.io/archive/ICIT-2006/city_information.html]
[icit.github.io/archive/ICIT-2006/sponsors_list_files/filelist.xml]
[icit.github.io/archive/ICIT-2006/sponsors_list_files/editdata.mso]
[icit.github.io/archive/ICIT-2006/IEEE_North_Jersey_Section_logo.jpg]
[icit.github.io/archive/ICIT-2006/Satyam_logo.jpg]
[icit.github.io/archive/ICIT-2006/NJIT_logo.jpg]
[icit.github.io/archive/ICIT-2006/sponsors_list.html]
[icit.github.io/archive/ICIT-2006/contact_us_files/filelist.xml]
[icit.github.io/archive/ICIT-2006/contact_us.html]
[icit.github.io/archive/ICIT-2006/IndexMain_files/filelist.html]
[icit.github.io/archive/ICIT-2006/IndexMain_files/editdata.html]
[icit.github.io/archive/ICIT-2014/silicon.ac.in/icit2014/regd/style/style.css]
[icit.github.io/archive/ICIT-2006/organizing_committee_files/filelist.html]
[icit.github.io/archive/ICIT-2006/program_committee_files/filelist.html]
[icit.github.io/archive/ICIT-2006/CIT2006_CFP_files/filelist.html]
[icit.github.io/archive/ICIT-2006/CIT2006_CFP_files/editdata.html]
[icit.github.io/archive/ICIT-2006/deadlines_files/filelist.html]
[icit.github.io/archive/ICIT-2006/paper_submission_files/filelist.html]
[icit.github.io/archive/ICIT-2006/paper_submission_files/editdata.html]
[icit.github.io/archive/ICIT-2006/ICIT2006_registration_files/filelist.html]
[icit.github.io/archive/ICIT-2006/travel_information_files/filelist.html]
[icit.github.io/archive/ICIT-2006/venue_files/filelist.html]
[icit.github.io/archive/ICIT-2006/sponsors_list_files/filelist.html]
[icit.github.io/archive/ICIT-2006/sponsors_list_files/editdata.html]
[icit.github.io/archive/ICIT-2006/contact_us_files/filelist.html]
